[debug] [2025-07-26T06:40:42.177Z] ----------------------------------------------------------------------
[debug] [2025-07-26T06:40:42.182Z] Command:       /usr/local/bin/node /usr/local/bin/firebase hosting:channel:deploy preview --debug
[debug] [2025-07-26T06:40:42.182Z] CLI Version:   14.7.0
[debug] [2025-07-26T06:40:42.182Z] Platform:      darwin
[debug] [2025-07-26T06:40:42.182Z] Node Version:  v22.16.0
[debug] [2025-07-26T06:40:42.183Z] Time:          Sat Jul 26 2025 12:10:42 GMT+0530 (India Standard Time)
[debug] [2025-07-26T06:40:42.183Z] ----------------------------------------------------------------------
[debug] 
[debug] [2025-07-26T06:40:42.275Z] > command requires scopes: ["email","openid","https://www.googleapis.com/auth/cloudplatformprojects.readonly","https://www.googleapis.com/auth/firebase","https://www.googleapis.com/auth/cloud-platform"]
[debug] [2025-07-26T06:40:42.275Z] > authorizing via signed-in user (adityasingh@tranzita.com)
[debug] [2025-07-26T06:40:42.276Z] [iam] checking project samridhya-website for permissions ["firebase.projects.get","firebasehosting.sites.update"]
[debug] [2025-07-26T06:40:42.276Z] Checked if tokens are valid: true, expires at: 1753515052182
[debug] [2025-07-26T06:40:42.276Z] Checked if tokens are valid: true, expires at: 1753515052182
[debug] [2025-07-26T06:40:42.277Z] >>> [apiv2][query] POST https://cloudresourcemanager.googleapis.com/v1/projects/samridhya-website:testIamPermissions [none]
[debug] [2025-07-26T06:40:42.277Z] >>> [apiv2][(partial)header] POST https://cloudresourcemanager.googleapis.com/v1/projects/samridhya-website:testIamPermissions x-goog-quota-user=projects/samridhya-website
[debug] [2025-07-26T06:40:42.277Z] >>> [apiv2][body] POST https://cloudresourcemanager.googleapis.com/v1/projects/samridhya-website:testIamPermissions {"permissions":["firebase.projects.get","firebasehosting.sites.update"]}
[debug] [2025-07-26T06:40:43.899Z] <<< [apiv2][status] POST https://cloudresourcemanager.googleapis.com/v1/projects/samridhya-website:testIamPermissions 200
[debug] [2025-07-26T06:40:43.900Z] <<< [apiv2][body] POST https://cloudresourcemanager.googleapis.com/v1/projects/samridhya-website:testIamPermissions {"permissions":["firebase.projects.get","firebasehosting.sites.update"]}
[debug] [2025-07-26T06:40:43.900Z] Checked if tokens are valid: true, expires at: 1753515052182
[debug] [2025-07-26T06:40:43.900Z] Checked if tokens are valid: true, expires at: 1753515052182
[debug] [2025-07-26T06:40:43.900Z] >>> [apiv2][query] GET https://firebase.googleapis.com/v1beta1/projects/samridhya-website [none]
[debug] [2025-07-26T06:40:44.433Z] <<< [apiv2][status] GET https://firebase.googleapis.com/v1beta1/projects/samridhya-website 200
[debug] [2025-07-26T06:40:44.434Z] <<< [apiv2][body] GET https://firebase.googleapis.com/v1beta1/projects/samridhya-website {"projectId":"samridhya-website","projectNumber":"1049170255542","displayName":"samridhya-website","name":"projects/samridhya-website","resources":{"hostingSite":"samridhya-website"},"state":"ACTIVE","etag":"1_bf38d539-70c8-41d8-825c-e147cf0deca7"}
[debug] [2025-07-26T06:40:44.437Z] Checked if tokens are valid: true, expires at: 1753515052182
[debug] [2025-07-26T06:40:44.437Z] Checked if tokens are valid: true, expires at: 1753515052182
[debug] [2025-07-26T06:40:44.437Z] >>> [apiv2][query] GET https://firebasehosting.googleapis.com/v1beta1/projects/samridhya-website/sites/samridhya-website/channels/preview [none]
[debug] [2025-07-26T06:40:45.589Z] <<< [apiv2][status] GET https://firebasehosting.googleapis.com/v1beta1/projects/samridhya-website/sites/samridhya-website/channels/preview 200
[debug] [2025-07-26T06:40:45.589Z] <<< [apiv2][body] GET https://firebasehosting.googleapis.com/v1beta1/projects/samridhya-website/sites/samridhya-website/channels/preview {"name":"projects/samridhya-website/sites/samridhya-website/channels/preview","url":"https://samridhya-website--preview-6de826mz.web.app","release":{"name":"projects/samridhya-website/sites/samridhya-website/channels/preview/releases/1753511582341000","version":{"name":"projects/samridhya-website/sites/samridhya-website/versions/81dc60a6c097517a","status":"FINALIZED","config":{"rewrites":[{"glob":"**","path":"/index.html"}],"cleanUrls":true},"labels":{"deployment-tool":"cli-firebase"},"createTime":"2025-07-26T04:33:58.718339Z","createUser":{"email":"adityasingh@tranzita.com"},"finalizeTime":"2025-07-26T04:34:01.805264Z","finalizeUser":{"email":"adityasingh@tranzita.com"},"fileCount":"25","versionBytes":"279689"},"type":"ROLLBACK","releaseTime":"2025-07-26T06:33:02.341Z","releaseUser":{"email":"adityasingh@tranzita.com"}},"createTime":"2025-07-25T06:08:51.234765018Z","updateTime":"2025-07-26T06:33:02.341Z","retainedReleaseCount":10,"expireTime":"2025-08-02T06:32:07.638572842Z"}
[debug] [2025-07-26T06:40:45.590Z] [hosting] found existing channel for site samridhya-website {"name":"projects/samridhya-website/sites/samridhya-website/channels/preview","url":"https://samridhya-website--preview-6de826mz.web.app","release":{"name":"projects/samridhya-website/sites/samridhya-website/channels/preview/releases/1753511582341000","version":{"name":"projects/samridhya-website/sites/samridhya-website/versions/81dc60a6c097517a","status":"FINALIZED","config":{"rewrites":[{"glob":"**","path":"/index.html"}],"cleanUrls":true},"labels":{"deployment-tool":"cli-firebase"},"createTime":"2025-07-26T04:33:58.718339Z","createUser":{"email":"adityasingh@tranzita.com"},"finalizeTime":"2025-07-26T04:34:01.805264Z","finalizeUser":{"email":"adityasingh@tranzita.com"},"fileCount":"25","versionBytes":"279689"},"type":"ROLLBACK","releaseTime":"2025-07-26T06:33:02.341Z","releaseUser":{"email":"adityasingh@tranzita.com"}},"createTime":"2025-07-25T06:08:51.234765018Z","updateTime":"2025-07-26T06:33:02.341Z","retainedReleaseCount":10,"expireTime":"2025-08-02T06:32:07.638572842Z"}
[debug] [2025-07-26T06:40:45.591Z] Checked if tokens are valid: true, expires at: 1753515052182
[debug] [2025-07-26T06:40:45.591Z] Checked if tokens are valid: true, expires at: 1753515052182
[debug] [2025-07-26T06:40:45.591Z] >>> [apiv2][query] PATCH https://firebasehosting.googleapis.com/v1beta1/projects/samridhya-website/sites/samridhya-website/channels/preview updateMask=ttl
[debug] [2025-07-26T06:40:45.591Z] >>> [apiv2][body] PATCH https://firebasehosting.googleapis.com/v1beta1/projects/samridhya-website/sites/samridhya-website/channels/preview {"ttl":"604800s"}
[debug] [2025-07-26T06:40:46.053Z] <<< [apiv2][status] PATCH https://firebasehosting.googleapis.com/v1beta1/projects/samridhya-website/sites/samridhya-website/channels/preview 200
[debug] [2025-07-26T06:40:46.053Z] <<< [apiv2][body] PATCH https://firebasehosting.googleapis.com/v1beta1/projects/samridhya-website/sites/samridhya-website/channels/preview {"name":"projects/samridhya-website/sites/samridhya-website/channels/preview","url":"https://samridhya-website--preview-6de826mz.web.app","release":{"name":"projects/samridhya-website/sites/samridhya-website/channels/preview/releases/1753511582341000","version":{"name":"projects/samridhya-website/sites/samridhya-website/versions/81dc60a6c097517a","status":"FINALIZED","config":{"rewrites":[{"glob":"**","path":"/index.html"}],"cleanUrls":true},"labels":{"deployment-tool":"cli-firebase"},"createTime":"2025-07-26T04:33:58.718339Z","createUser":{"email":"adityasingh@tranzita.com"},"finalizeTime":"2025-07-26T04:34:01.805264Z","finalizeUser":{"email":"adityasingh@tranzita.com"},"fileCount":"25","versionBytes":"279689"},"type":"ROLLBACK","releaseTime":"2025-07-26T06:33:02.341Z","releaseUser":{"email":"adityasingh@tranzita.com"}},"createTime":"2025-07-25T06:08:51.234765018Z","updateTime":"2025-07-26T06:40:45.862972559Z","retainedReleaseCount":10,"expireTime":"2025-08-02T06:40:45.862972559Z"}
[debug] [2025-07-26T06:40:46.054Z] [hosting] updated TTL for existing channel for site samridhya-website {"name":"projects/samridhya-website/sites/samridhya-website/channels/preview","url":"https://samridhya-website--preview-6de826mz.web.app","release":{"name":"projects/samridhya-website/sites/samridhya-website/channels/preview/releases/1753511582341000","version":{"name":"projects/samridhya-website/sites/samridhya-website/versions/81dc60a6c097517a","status":"FINALIZED","config":{"rewrites":[{"glob":"**","path":"/index.html"}],"cleanUrls":true},"labels":{"deployment-tool":"cli-firebase"},"createTime":"2025-07-26T04:33:58.718339Z","createUser":{"email":"adityasingh@tranzita.com"},"finalizeTime":"2025-07-26T04:34:01.805264Z","finalizeUser":{"email":"adityasingh@tranzita.com"},"fileCount":"25","versionBytes":"279689"},"type":"ROLLBACK","releaseTime":"2025-07-26T06:33:02.341Z","releaseUser":{"email":"adityasingh@tranzita.com"}},"createTime":"2025-07-25T06:08:51.234765018Z","updateTime":"2025-07-26T06:40:45.862972559Z","retainedReleaseCount":10,"expireTime":"2025-08-02T06:40:45.862972559Z"}
[info] 
[info] === Deploying to 'samridhya-website'...
[info] 
[info] i  deploying hosting 
[debug] [2025-07-26T06:40:46.061Z] Checked if tokens are valid: true, expires at: 1753515052182
[debug] [2025-07-26T06:40:46.061Z] Checked if tokens are valid: true, expires at: 1753515052182
[debug] [2025-07-26T06:40:46.062Z] >>> [apiv2][query] POST https://firebasehosting.googleapis.com/v1beta1/projects/-/sites/samridhya-website/versions [none]
[debug] [2025-07-26T06:40:46.062Z] >>> [apiv2][body] POST https://firebasehosting.googleapis.com/v1beta1/projects/-/sites/samridhya-website/versions {"status":"CREATED","labels":{"deployment-tool":"cli-firebase"}}
[debug] [2025-07-26T06:40:46.927Z] <<< [apiv2][status] POST https://firebasehosting.googleapis.com/v1beta1/projects/-/sites/samridhya-website/versions 200
[debug] [2025-07-26T06:40:46.927Z] <<< [apiv2][body] POST https://firebasehosting.googleapis.com/v1beta1/projects/-/sites/samridhya-website/versions {"name":"projects/1049170255542/sites/samridhya-website/versions/e0693adc24d2701c","status":"CREATED","config":{},"labels":{"deployment-tool":"cli-firebase"}}
[info] i  hosting[samridhya-website]: beginning deploy... 
[info] i  hosting[samridhya-website]: found 23 files in out 
[debug] [2025-07-26T06:40:46.951Z] [hosting] uploading with 200 concurrency
[debug] [2025-07-26T06:40:46.971Z] Checked if tokens are valid: true, expires at: 1753515052182
[debug] [2025-07-26T06:40:46.972Z] Checked if tokens are valid: true, expires at: 1753515052182
[debug] [2025-07-26T06:40:46.972Z] [hosting] hash cache [b3V0] stored for 23 files
[debug] [2025-07-26T06:40:46.972Z] [hosting][hash queue][FINAL] {"max":16,"min":9,"avg":11,"active":0,"complete":23,"success":23,"errored":0,"retried":0,"total":23,"elapsed":20}
[debug] [2025-07-26T06:40:46.973Z] >>> [apiv2][query] POST https://firebasehosting.googleapis.com/v1beta1/projects/1049170255542/sites/samridhya-website/versions/e0693adc24d2701c:populateFiles [none]
[debug] [2025-07-26T06:40:46.973Z] >>> [apiv2][body] POST https://firebasehosting.googleapis.com/v1beta1/projects/1049170255542/sites/samridhya-website/versions/e0693adc24d2701c:populateFiles {"files":{"/404.html":"8a4b526c49298eef4f3448480f524fca57ca25d5bb614b99ef8e7f72528c888c","/blog.html":"255b51dab03392d0e54298d0c6ba04de93beabaa31e3b1cd2705effebac701b8","/_next/static/media/6fe53d21e6e7ebd8-s.woff2":"69f6584dbf4d725c5012fc9e0fbfdbbefac4e3d2ce01ecb7652fcc508a3f0f20","/_next/static/chunks/webpack-b4405ac1b2b64b0f.js":"bcc4a090d688268e19c21f309ad97109ee8986cd090196e217ea0db1be6e1133","/_next/static/media/8ebc6e9dde468c4a-s.woff2":"d83b845e3bdfe8e954c0bc2c8d9d03196d683d0eb6c578213fe96738bf92cae9","/_next/static/chunks/b258f366-cd74e761209f710a.js":"67c4e097a16a8c773aaad876e78666e21f73c1f8ad127c62a439c5adbd594d53","/_next/static/chunks/454e6ae6-62d6d88b03447ff3.js":"5217e3f3cf986195fab7918eb2f32f8a0dd9d0378cf54bcff73650d0e6b36bbb","/_next/static/chunks/0d186e42-cf98fb939e639fb7.js":"8f441e31696a4c985e52c67bced7129c30bd0264ca9e9b7c5d1db5d6ca924ea3","/_next/static/chunks/pages/blog-507fbd9419ec5e73.js":"7d24d805d87f8747246b5604935d4bcc8317116621b4c8b0b15fd6b1e356d139","/_next/static/chunks/pages/_error-e15c84159987e7e6.js":"a39410d85a5b00858f2d8c314c06f2775de239dfec7cd623f9972183553146e0","/_next/static/chunks/pages/_app-210c06b1e3398cd1.js":"50dd078172a9bf0460147ec2a5347bf6000d6b921d483a5518e7d47019a3cc47","/_next/static/chunks/361-e0efa644aaa54392.js":"371e284744e9601badb96497fe21e83451763834e671218ca441dccf53d22d63","/_next/static/FIyHpyJebDIj2iYnAQXLR/_buildManifest.js":"2eb06e7ba8b1e33bcdf0b21c999ac39b71c3dfe89912623c90887a3f90518a43","/_next/static/FIyHpyJebDIj2iYnAQXLR/_ssgManifest.js":"5c126729f9831113842c425975615db312fa26d39f3a9e1baa47d4ad65ac2f90","/_next/static/chunks/pages/index-be54cefeba00beeb.js":"7a5d54771fd4daa40c130d0e19e792053fe935c4af1aeed16f6002ceb21da718","/_next/static/media/ef64ecae5e1bff42-s.woff2":"b60fb8b1ddbd18495e4f936f65ad026d071da9a9b3e6fc676ead53ea55f8c466","/_next/static/media/636a5ac981f94f8b-s.p.woff2":"b0eb6fafa20e251bf8e9b2cd3bd6690dc8f6676ff2d19655dfc83136f904c686","/_next/static/css/f10602d14b9a36d3.css":"290ca65a9dd3a6feb76c09f6be39b154463c47e4492cf143832563be60cf728f","/index.html":"b082531ac03afba4bff2a6eea627ef291fab39d2b43cb357678958faf71429b3","/_next/static/chunks/main-4776618eea807e26.js":"c8d87f05408d2335499fffdd27877ac2b7a54b2a73068bba4e46c7360c890439","/_next/static/chunks/polyfills-42372ed130431b0a.js":"67dee1c02c6a6700d63b5c1898cf2df618101a68a395db469192763d24925a23","/_next/static/chunks/362-32f5d8492765d456.js":"c2a213860f7bbdf104a95c9d5a528f1ca8f1a94933e4edaf27b804d910bea530","/_next/static/chunks/framework-768692517470e708.js":"90caa0007231a108e1e53586dbbe4858fcfa9f37aaef8ddf17b9d9dea9f610e2"}}
[debug] [2025-07-26T06:40:47.478Z] <<< [apiv2][status] POST https://firebasehosting.googleapis.com/v1beta1/projects/1049170255542/sites/samridhya-website/versions/e0693adc24d2701c:populateFiles 200
[debug] [2025-07-26T06:40:47.478Z] <<< [apiv2][body] POST https://firebasehosting.googleapis.com/v1beta1/projects/1049170255542/sites/samridhya-website/versions/e0693adc24d2701c:populateFiles {"uploadUrl":"https://upload-firebasehosting.googleapis.com/upload/sites/samridhya-website/versions/e0693adc24d2701c/files"}
[debug] [2025-07-26T06:40:47.479Z] [hosting][populate queue][FINAL] {"max":508,"min":508,"avg":508,"active":0,"complete":1,"success":1,"errored":0,"retried":0,"total":1,"elapsed":508}
[debug] [2025-07-26T06:40:47.479Z] [hosting] uploads queued: 0
[debug] [2025-07-26T06:40:47.479Z] [hosting][upload queue][FINAL] {"max":0,"min":9999999999,"avg":0,"active":0,"complete":0,"success":0,"errored":0,"retried":0,"total":0,"elapsed":1753512047479}
[info] i  hosting: upload complete 
[info] ✔  hosting[samridhya-website]: file upload complete 
[debug] [2025-07-26T06:40:47.480Z] [hosting] deploy completed after 550ms
[debug] [2025-07-26T06:40:47.480Z] [
  {
    "config": {
      "public": "out",
      "ignore": [
        "firebase.json",
        "**/.*",
        "**/node_modules/**"
      ],
      "cleanUrls": true,
      "rewrites": [
        {
          "source": "**",
          "destination": "/index.html"
        }
      ],
      "site": "samridhya-website"
    },
    "version": "projects/1049170255542/sites/samridhya-website/versions/e0693adc24d2701c"
  }
]
[info] i  hosting[samridhya-website]: finalizing version... 
[debug] [2025-07-26T06:40:47.483Z] Checked if tokens are valid: true, expires at: 1753515052182
[debug] [2025-07-26T06:40:47.483Z] Checked if tokens are valid: true, expires at: 1753515052182
[debug] [2025-07-26T06:40:47.483Z] >>> [apiv2][query] PATCH https://firebasehosting.googleapis.com/v1beta1/projects/-/sites/samridhya-website/versions/e0693adc24d2701c updateMask=status%2Cconfig
[debug] [2025-07-26T06:40:47.483Z] >>> [apiv2][body] PATCH https://firebasehosting.googleapis.com/v1beta1/projects/-/sites/samridhya-website/versions/e0693adc24d2701c {"status":"FINALIZED","config":{"rewrites":[{"glob":"**","path":"/index.html"}],"cleanUrls":true}}
[debug] [2025-07-26T06:40:47.968Z] <<< [apiv2][status] PATCH https://firebasehosting.googleapis.com/v1beta1/projects/-/sites/samridhya-website/versions/e0693adc24d2701c 200
[debug] [2025-07-26T06:40:47.969Z] <<< [apiv2][body] PATCH https://firebasehosting.googleapis.com/v1beta1/projects/-/sites/samridhya-website/versions/e0693adc24d2701c {"name":"projects/1049170255542/sites/samridhya-website/versions/e0693adc24d2701c","status":"FINALIZED","config":{"rewrites":[{"glob":"**","path":"/index.html"}],"cleanUrls":true},"labels":{"deployment-tool":"cli-firebase"},"createTime":"2025-07-26T06:40:46.338676Z","createUser":{"email":"adityasingh@tranzita.com"},"finalizeTime":"2025-07-26T06:40:47.828886Z","finalizeUser":{"email":"adityasingh@tranzita.com"}}
[debug] [2025-07-26T06:40:47.969Z] [hosting] finalized version for samridhya-website:[object Object]
[info] ✔  hosting[samridhya-website]: version finalized 
[info] i  hosting[samridhya-website]: releasing new version... 
[debug] [2025-07-26T06:40:47.970Z] [hosting] releasing to channel: preview
[debug] [2025-07-26T06:40:47.970Z] Checked if tokens are valid: true, expires at: 1753515052182
[debug] [2025-07-26T06:40:47.970Z] Checked if tokens are valid: true, expires at: 1753515052182
[debug] [2025-07-26T06:40:47.970Z] >>> [apiv2][query] POST https://firebasehosting.googleapis.com/v1beta1/projects/-/sites/samridhya-website/channels/preview/releases versionName=projects%2F1049170255542%2Fsites%2Fsamridhya-website%2Fversions%2Fe0693adc24d2701c
[debug] [2025-07-26T06:40:47.970Z] >>> [apiv2][body] POST https://firebasehosting.googleapis.com/v1beta1/projects/-/sites/samridhya-website/channels/preview/releases {}
[debug] [2025-07-26T06:40:48.552Z] <<< [apiv2][status] POST https://firebasehosting.googleapis.com/v1beta1/projects/-/sites/samridhya-website/channels/preview/releases 200
[debug] [2025-07-26T06:40:48.553Z] <<< [apiv2][body] POST https://firebasehosting.googleapis.com/v1beta1/projects/-/sites/samridhya-website/channels/preview/releases {"name":"projects/1049170255542/sites/samridhya-website/channels/preview/releases/1753512047806000","version":{"name":"projects/1049170255542/sites/samridhya-website/versions/e0693adc24d2701c","status":"FINALIZED","config":{"rewrites":[{"glob":"**","path":"/index.html"}],"cleanUrls":true},"labels":{"deployment-tool":"cli-firebase"},"createTime":"2025-07-26T06:40:46.338676Z","createUser":{"email":"adityasingh@tranzita.com","imageUrl":"https://lh3.googleusercontent.com/a/ACg8ocJQeiAkZiCOLRWKaUknMOXU5u57BDa9mc5EoYTVHYx7HV5gFmE"},"finalizeTime":"2025-07-26T06:40:47.828886Z","finalizeUser":{"email":"adityasingh@tranzita.com","imageUrl":"https://lh3.googleusercontent.com/a/ACg8ocJQeiAkZiCOLRWKaUknMOXU5u57BDa9mc5EoYTVHYx7HV5gFmE"}},"type":"DEPLOY","releaseTime":"2025-07-26T06:40:47.806Z","releaseUser":{"email":"adityasingh@tranzita.com","imageUrl":"https://lh3.googleusercontent.com/a/ACg8ocJQeiAkZiCOLRWKaUknMOXU5u57BDa9mc5EoYTVHYx7HV5gFmE"}}
[debug] [2025-07-26T06:40:48.554Z] [hosting] release: {"name":"projects/1049170255542/sites/samridhya-website/channels/preview/releases/1753512047806000","version":{"name":"projects/1049170255542/sites/samridhya-website/versions/e0693adc24d2701c","status":"FINALIZED","config":{"rewrites":[{"glob":"**","path":"/index.html"}],"cleanUrls":true},"labels":{"deployment-tool":"cli-firebase"},"createTime":"2025-07-26T06:40:46.338676Z","createUser":{"email":"adityasingh@tranzita.com","imageUrl":"https://lh3.googleusercontent.com/a/ACg8ocJQeiAkZiCOLRWKaUknMOXU5u57BDa9mc5EoYTVHYx7HV5gFmE"},"finalizeTime":"2025-07-26T06:40:47.828886Z","finalizeUser":{"email":"adityasingh@tranzita.com","imageUrl":"https://lh3.googleusercontent.com/a/ACg8ocJQeiAkZiCOLRWKaUknMOXU5u57BDa9mc5EoYTVHYx7HV5gFmE"}},"type":"DEPLOY","releaseTime":"2025-07-26T06:40:47.806Z","releaseUser":{"email":"adityasingh@tranzita.com","imageUrl":"https://lh3.googleusercontent.com/a/ACg8ocJQeiAkZiCOLRWKaUknMOXU5u57BDa9mc5EoYTVHYx7HV5gFmE"}}
[info] ✔  hosting[samridhya-website]: release complete 
[info] 
[info] ✔  Deploy complete! 
[info] 
[info] Project Console: https://console.firebase.google.com/project/samridhya-website/overview
[info] Hosting URL: https://samridhya-website.web.app
[debug] [2025-07-26T06:40:48.657Z] Checked if tokens are valid: true, expires at: 1753515052182
[debug] [2025-07-26T06:40:48.657Z] Checked if tokens are valid: true, expires at: 1753515052182
[debug] [2025-07-26T06:40:48.657Z] >>> [apiv2][query] GET https://identitytoolkit.googleapis.com/admin/v2/projects/samridhya-website/config [none]
[debug] [2025-07-26T06:40:49.179Z] <<< [apiv2][status] GET https://identitytoolkit.googleapis.com/admin/v2/projects/samridhya-website/config 200
[debug] [2025-07-26T06:40:49.180Z] <<< [apiv2][body] GET https://identitytoolkit.googleapis.com/admin/v2/projects/samridhya-website/config {"name":"projects/1049170255542/config","signIn":{"hashConfig":{"algorithm":"SCRYPT","signerKey":"tIMzwstgd+eg9Em7CTvhMaPg6mz7Ak54X04cSEo35swyEs7MpaJCzjPBYszSzHrw6geH7jXVa/Yoytxmmqc6zw==","saltSeparator":"Bw==","rounds":8,"memoryCost":14}},"notification":{"sendEmail":{"method":"DEFAULT","resetPasswordTemplate":{"senderLocalPart":"noreply","subject":"Reset your password for %APP_NAME%","body":"<p>Hello,</p>\n<p>Follow this link to reset your %APP_NAME% password for your %EMAIL% account.</p>\n<p><a href='%LINK%'>%LINK%</a></p>\n<p>If you didn’t ask to reset your password, you can ignore this email.</p>\n<p>Thanks,</p>\n<p>Your %APP_NAME% team</p>","bodyFormat":"HTML","replyTo":"noreply"},"verifyEmailTemplate":{"senderLocalPart":"noreply","subject":"Verify your email for %APP_NAME%","body":"<p>Hello %DISPLAY_NAME%,</p>\n<p>Follow this link to verify your email address.</p>\n<p><a href='%LINK%'>%LINK%</a></p>\n<p>If you didn’t ask to verify this address, you can ignore this email.</p>\n<p>Thanks,</p>\n<p>Your %APP_NAME% team</p>","bodyFormat":"HTML","replyTo":"noreply"},"changeEmailTemplate":{"senderLocalPart":"noreply","subject":"Your sign-in email was changed for %APP_NAME%","body":"<p>Hello %DISPLAY_NAME%,</p>\n<p>Your sign-in email for %APP_NAME% was changed to %NEW_EMAIL%.</p>\n<p>If you didn’t ask to change your email, follow this link to reset your sign-in email.</p>\n<p><a href='%LINK%'>%LINK%</a></p>\n<p>Thanks,</p>\n<p>Your %APP_NAME% team</p>","bodyFormat":"HTML","replyTo":"noreply"},"callbackUri":"https://samridhya-website.firebaseapp.com/__/auth/action","dnsInfo":{"customDomainState":"NOT_STARTED","domainVerificationRequestTime":"1970-01-01T00:00:00Z"},"revertSecondFactorAdditionTemplate":{"senderLocalPart":"noreply","subject":"You've added 2 step verification to your %APP_NAME% account.","body":"<p>Hello %DISPLAY_NAME%,</p>\n<p>Your account in %APP_NAME% has been updated with %SECOND_FACTOR% for 2-step verification.</p>\n<p>If you didn't add this 2-step verification, click the link below to remove it.</p>\n<p><a href='%LINK%'>%LINK%</a></p>\n<p>Thanks,</p>\n<p>Your %APP_NAME% team</p>","bodyFormat":"HTML","replyTo":"noreply"}},"sendSms":{"smsTemplate":{"content":"%LOGIN_CODE% is your verification code for %APP_NAME%."}},"defaultLocale":"en"},"quota":{},"monitoring":{"requestLogging":{}},"multiTenant":{},"authorizedDomains":["localhost","samridhya-website.firebaseapp.com","samridhya-website.web.app","samridhya-website--preview-6de826mz.web.app"],"subtype":"FIREBASE_AUTH","client":{"apiKey":"AIzaSyCwwCspEVWlY3rTWdTU16AZymTyKuk16bI","permissions":{},"firebaseSubdomain":"samridhya-website"},"mfa":{"state":"DISABLED"},"blockingFunctions":{},"smsRegionConfig":{},"emailPrivacyConfig":{"enableImprovedEmailPrivacy":true},"mobileLinksConfig":{"domain":"HOSTING_DOMAIN"},"defaultHostingSite":"samridhya-website"}
[debug] [2025-07-26T06:40:49.181Z] Checked if tokens are valid: true, expires at: 1753515052182
[debug] [2025-07-26T06:40:49.181Z] Checked if tokens are valid: true, expires at: 1753515052182
[debug] [2025-07-26T06:40:49.181Z] >>> [apiv2][query] PATCH https://identitytoolkit.googleapis.com/admin/v2/projects/samridhya-website/config update_mask=authorizedDomains
[debug] [2025-07-26T06:40:49.181Z] >>> [apiv2][body] PATCH https://identitytoolkit.googleapis.com/admin/v2/projects/samridhya-website/config {"authorizedDomains":["localhost","samridhya-website.firebaseapp.com","samridhya-website.web.app","samridhya-website--preview-6de826mz.web.app"]}
[debug] [2025-07-26T06:40:49.701Z] <<< [apiv2][status] PATCH https://identitytoolkit.googleapis.com/admin/v2/projects/samridhya-website/config 200
[debug] [2025-07-26T06:40:49.701Z] <<< [apiv2][body] PATCH https://identitytoolkit.googleapis.com/admin/v2/projects/samridhya-website/config {"name":"projects/1049170255542/config","signIn":{"hashConfig":{"algorithm":"SCRYPT","signerKey":"tIMzwstgd+eg9Em7CTvhMaPg6mz7Ak54X04cSEo35swyEs7MpaJCzjPBYszSzHrw6geH7jXVa/Yoytxmmqc6zw==","saltSeparator":"Bw==","rounds":8,"memoryCost":14}},"notification":{"sendEmail":{"method":"DEFAULT","callbackUri":"https://samridhya-website.firebaseapp.com/__/auth/action","dnsInfo":{"customDomainState":"NOT_STARTED","domainVerificationRequestTime":"1970-01-01T00:00:00Z"}},"sendSms":{"smsTemplate":{"content":"%LOGIN_CODE% is your verification code for %APP_NAME%."}},"defaultLocale":"en"},"quota":{},"monitoring":{"requestLogging":{}},"multiTenant":{},"authorizedDomains":["localhost","samridhya-website.firebaseapp.com","samridhya-website.web.app","samridhya-website--preview-6de826mz.web.app"],"subtype":"FIREBASE_AUTH","client":{"apiKey":"AIzaSyCwwCspEVWlY3rTWdTU16AZymTyKuk16bI","permissions":{},"firebaseSubdomain":"samridhya-website"},"mfa":{"state":"DISABLED"},"blockingFunctions":{},"smsRegionConfig":{},"emailPrivacyConfig":{"enableImprovedEmailPrivacy":true},"mobileLinksConfig":{"domain":"HOSTING_DOMAIN"},"defaultHostingSite":"samridhya-website"}
[debug] [2025-07-26T06:40:49.701Z] [hosting] added auth domain for urls ["https://samridhya-website--preview-6de826mz.web.app"]
[debug] [2025-07-26T06:40:49.702Z] Checked if tokens are valid: true, expires at: 1753515052182
[debug] [2025-07-26T06:40:49.702Z] Checked if tokens are valid: true, expires at: 1753515052182
[debug] [2025-07-26T06:40:49.702Z] >>> [apiv2][query] GET https://firebasehosting.googleapis.com/v1beta1/projects/samridhya-website/sites/samridhya-website/channels pageToken=&pageSize=10
[debug] [2025-07-26T06:40:50.158Z] <<< [apiv2][status] GET https://firebasehosting.googleapis.com/v1beta1/projects/samridhya-website/sites/samridhya-website/channels 200
[debug] [2025-07-26T06:40:50.159Z] <<< [apiv2][body] GET https://firebasehosting.googleapis.com/v1beta1/projects/samridhya-website/sites/samridhya-website/channels {"channels":[{"name":"projects/samridhya-website/sites/samridhya-website/channels/preview","url":"https://samridhya-website--preview-6de826mz.web.app","release":{"name":"projects/samridhya-website/sites/samridhya-website/channels/preview/releases/1753512047806000","version":{"name":"projects/samridhya-website/sites/samridhya-website/versions/e0693adc24d2701c","status":"FINALIZED","config":{"rewrites":[{"glob":"**","path":"/index.html"}],"cleanUrls":true},"labels":{"deployment-tool":"cli-firebase"},"createTime":"2025-07-26T06:40:46.338676Z","createUser":{"email":"adityasingh@tranzita.com"},"finalizeTime":"2025-07-26T06:40:47.828886Z","finalizeUser":{"email":"adityasingh@tranzita.com"}},"type":"DEPLOY","releaseTime":"2025-07-26T06:40:47.806Z","releaseUser":{"email":"adityasingh@tranzita.com"}},"createTime":"2025-07-25T06:08:51.234765018Z","updateTime":"2025-07-26T06:40:47.806Z","retainedReleaseCount":10,"expireTime":"2025-08-02T06:40:45.862972559Z"},{"name":"projects/samridhya-website/sites/samridhya-website/channels/live","url":"https://samridhya-website.web.app","release":{"name":"projects/samridhya-website/sites/samridhya-website/channels/live/releases/1753347319726000","version":{"name":"projects/samridhya-website/sites/samridhya-website/versions/b1735b8c1a17ba47","status":"FINALIZED","config":{"rewrites":[{"glob":"/","path":"index.html"}]},"labels":{"deployment-tool":"cli-firebase"},"createTime":"2025-07-24T08:55:16.241460Z","createUser":{"email":"virat@tranzita.com"},"finalizeTime":"2025-07-24T08:55:19.704131Z","finalizeUser":{"email":"virat@tranzita.com"},"fileCount":"45","versionBytes":"1559196"},"type":"DEPLOY","releaseTime":"2025-07-24T08:55:19.726Z","releaseUser":{"email":"virat@tranzita.com"}},"createTime":"2025-06-03T05:39:42.429175242Z","updateTime":"2025-07-24T08:55:19.726Z","retainedReleaseCount":2147483647}]}
[debug] [2025-07-26T06:40:50.159Z] Checked if tokens are valid: true, expires at: 1753515052182
[debug] [2025-07-26T06:40:50.160Z] Checked if tokens are valid: true, expires at: 1753515052182
[debug] [2025-07-26T06:40:50.160Z] >>> [apiv2][query] GET https://identitytoolkit.googleapis.com/admin/v2/projects/samridhya-website/config [none]
[debug] [2025-07-26T06:40:50.775Z] <<< [apiv2][status] GET https://identitytoolkit.googleapis.com/admin/v2/projects/samridhya-website/config 200
[debug] [2025-07-26T06:40:50.775Z] <<< [apiv2][body] GET https://identitytoolkit.googleapis.com/admin/v2/projects/samridhya-website/config {"name":"projects/1049170255542/config","signIn":{"hashConfig":{"algorithm":"SCRYPT","signerKey":"tIMzwstgd+eg9Em7CTvhMaPg6mz7Ak54X04cSEo35swyEs7MpaJCzjPBYszSzHrw6geH7jXVa/Yoytxmmqc6zw==","saltSeparator":"Bw==","rounds":8,"memoryCost":14}},"notification":{"sendEmail":{"method":"DEFAULT","resetPasswordTemplate":{"senderLocalPart":"noreply","subject":"Reset your password for %APP_NAME%","body":"<p>Hello,</p>\n<p>Follow this link to reset your %APP_NAME% password for your %EMAIL% account.</p>\n<p><a href='%LINK%'>%LINK%</a></p>\n<p>If you didn’t ask to reset your password, you can ignore this email.</p>\n<p>Thanks,</p>\n<p>Your %APP_NAME% team</p>","bodyFormat":"HTML","replyTo":"noreply"},"verifyEmailTemplate":{"senderLocalPart":"noreply","subject":"Verify your email for %APP_NAME%","body":"<p>Hello %DISPLAY_NAME%,</p>\n<p>Follow this link to verify your email address.</p>\n<p><a href='%LINK%'>%LINK%</a></p>\n<p>If you didn’t ask to verify this address, you can ignore this email.</p>\n<p>Thanks,</p>\n<p>Your %APP_NAME% team</p>","bodyFormat":"HTML","replyTo":"noreply"},"changeEmailTemplate":{"senderLocalPart":"noreply","subject":"Your sign-in email was changed for %APP_NAME%","body":"<p>Hello %DISPLAY_NAME%,</p>\n<p>Your sign-in email for %APP_NAME% was changed to %NEW_EMAIL%.</p>\n<p>If you didn’t ask to change your email, follow this link to reset your sign-in email.</p>\n<p><a href='%LINK%'>%LINK%</a></p>\n<p>Thanks,</p>\n<p>Your %APP_NAME% team</p>","bodyFormat":"HTML","replyTo":"noreply"},"callbackUri":"https://samridhya-website.firebaseapp.com/__/auth/action","dnsInfo":{"customDomainState":"NOT_STARTED","domainVerificationRequestTime":"1970-01-01T00:00:00Z"},"revertSecondFactorAdditionTemplate":{"senderLocalPart":"noreply","subject":"You've added 2 step verification to your %APP_NAME% account.","body":"<p>Hello %DISPLAY_NAME%,</p>\n<p>Your account in %APP_NAME% has been updated with %SECOND_FACTOR% for 2-step verification.</p>\n<p>If you didn't add this 2-step verification, click the link below to remove it.</p>\n<p><a href='%LINK%'>%LINK%</a></p>\n<p>Thanks,</p>\n<p>Your %APP_NAME% team</p>","bodyFormat":"HTML","replyTo":"noreply"}},"sendSms":{"smsTemplate":{"content":"%LOGIN_CODE% is your verification code for %APP_NAME%."}},"defaultLocale":"en"},"quota":{},"monitoring":{"requestLogging":{}},"multiTenant":{},"authorizedDomains":["localhost","samridhya-website.firebaseapp.com","samridhya-website.web.app","samridhya-website--preview-6de826mz.web.app"],"subtype":"FIREBASE_AUTH","client":{"apiKey":"AIzaSyCwwCspEVWlY3rTWdTU16AZymTyKuk16bI","permissions":{},"firebaseSubdomain":"samridhya-website"},"mfa":{"state":"DISABLED"},"blockingFunctions":{},"smsRegionConfig":{},"emailPrivacyConfig":{"enableImprovedEmailPrivacy":true},"mobileLinksConfig":{"domain":"HOSTING_DOMAIN"},"defaultHostingSite":"samridhya-website"}
[debug] [2025-07-26T06:40:50.776Z] Checked if tokens are valid: true, expires at: 1753515052182
[debug] [2025-07-26T06:40:50.777Z] Checked if tokens are valid: true, expires at: 1753515052182
[debug] [2025-07-26T06:40:50.777Z] >>> [apiv2][query] PATCH https://identitytoolkit.googleapis.com/admin/v2/projects/samridhya-website/config update_mask=authorizedDomains
[debug] [2025-07-26T06:40:50.777Z] >>> [apiv2][body] PATCH https://identitytoolkit.googleapis.com/admin/v2/projects/samridhya-website/config {"authorizedDomains":["localhost","samridhya-website.firebaseapp.com","samridhya-website.web.app","samridhya-website--preview-6de826mz.web.app"]}
[debug] [2025-07-26T06:40:51.303Z] <<< [apiv2][status] PATCH https://identitytoolkit.googleapis.com/admin/v2/projects/samridhya-website/config 200
[debug] [2025-07-26T06:40:51.304Z] <<< [apiv2][body] PATCH https://identitytoolkit.googleapis.com/admin/v2/projects/samridhya-website/config {"name":"projects/1049170255542/config","signIn":{"hashConfig":{"algorithm":"SCRYPT","signerKey":"tIMzwstgd+eg9Em7CTvhMaPg6mz7Ak54X04cSEo35swyEs7MpaJCzjPBYszSzHrw6geH7jXVa/Yoytxmmqc6zw==","saltSeparator":"Bw==","rounds":8,"memoryCost":14}},"notification":{"sendEmail":{"method":"DEFAULT","callbackUri":"https://samridhya-website.firebaseapp.com/__/auth/action","dnsInfo":{"customDomainState":"NOT_STARTED","domainVerificationRequestTime":"1970-01-01T00:00:00Z"}},"sendSms":{"smsTemplate":{"content":"%LOGIN_CODE% is your verification code for %APP_NAME%."}},"defaultLocale":"en"},"quota":{},"monitoring":{"requestLogging":{}},"multiTenant":{},"authorizedDomains":["localhost","samridhya-website.firebaseapp.com","samridhya-website.web.app","samridhya-website--preview-6de826mz.web.app"],"subtype":"FIREBASE_AUTH","client":{"apiKey":"AIzaSyCwwCspEVWlY3rTWdTU16AZymTyKuk16bI","permissions":{},"firebaseSubdomain":"samridhya-website"},"mfa":{"state":"DISABLED"},"blockingFunctions":{},"smsRegionConfig":{},"emailPrivacyConfig":{"enableImprovedEmailPrivacy":true},"mobileLinksConfig":{"domain":"HOSTING_DOMAIN"},"defaultHostingSite":"samridhya-website"}
[info] 
[info] ✔  hosting:channel: Channel URL (samridhya-website): https://samridhya-website--preview-6de826mz.web.app [expires 2025-08-02 12:10:45] 
